[phase2] exps=['a', 'b', 'c', 'd', 'cal', 'robust', 'action', 'faabos', 'senic', 'sdi', 'meta', 'transfer'] datasets=['emaha_db1', 'fors_emg', 'grabmyo', 'ninapro_db1', 'ninapro_db2', 'ninapro_db5', 'emaha_db4', 'emaha_db5', 'emaha_db7', 'grabmyo_flow_dynamic', 'grabmyo_flow_static', 'myobit', 'ninapro_db4', 'senic'] jobs=8 smoke=False
[SKIP] a :: emaha_db1 :: already done
[SKIP] a :: fors_emg :: already done
[SKIP] a :: grabmyo :: already done
[SKIP] a :: ninapro_db1 :: already done
[SKIP] a :: ninapro_db2 :: already done
[SKIP] a :: ninapro_db5 :: already done
[SKIP] a :: emaha_db4 :: already done
[SKIP] a :: emaha_db5 :: already done
[SKIP] a :: emaha_db7 :: already done
[SKIP] a :: grabmyo_flow_dynamic :: already done
[SKIP] a :: grabmyo_flow_static :: already done
[SKIP] a :: myobit :: already done
[SKIP] a :: ninapro_db4 :: already done
[SKIP] a :: senic :: already done
[SKIP] b :: emaha_db1 :: already done
[SKIP] b :: fors_emg :: already done
[SKIP] b :: grabmyo :: already done
[SKIP] b :: ninapro_db1 :: already done
[SKIP] b :: ninapro_db2 :: already done
[SKIP] b :: ninapro_db5 :: already done
[SKIP] b :: emaha_db4 :: already done
[SKIP] b :: emaha_db5 :: already done
[SKIP] b :: emaha_db7 :: already done
[SKIP] b :: grabmyo_flow_dynamic :: already done
[SKIP] b :: grabmyo_flow_static :: already done
[SKIP] b :: myobit :: already done
[SKIP] b :: ninapro_db4 :: already done
[SKIP] b :: senic :: already done
[SKIP] c :: emaha_db1 :: already done
[SKIP] c :: fors_emg :: already done
[SKIP] c :: grabmyo :: already done
[SKIP] c :: ninapro_db1 :: already done
[SKIP] c :: ninapro_db2 :: already done
[SKIP] c :: ninapro_db5 :: already done
[SKIP] c :: emaha_db4 :: already done
[SKIP] c :: emaha_db5 :: already done
[SKIP] c :: emaha_db7 :: already done
[SKIP] c :: grabmyo_flow_dynamic :: already done
[SKIP] c :: grabmyo_flow_static :: already done
[SKIP] c :: myobit :: already done
[SKIP] c :: ninapro_db4 :: already done
[SKIP] c :: senic :: already done
[SKIP] d :: emaha_db1 :: already done
[SKIP] d :: fors_emg :: already done
[SKIP] d :: grabmyo :: already done
[SKIP] d :: ninapro_db1 :: already done
[SKIP] d :: ninapro_db2 :: already done
[SKIP] d :: ninapro_db5 :: already done
[SKIP] d :: emaha_db4 :: already done
[SKIP] d :: emaha_db5 :: already done
[SKIP] d :: emaha_db7 :: already done
[SKIP] d :: grabmyo_flow_dynamic :: already done
[SKIP] d :: grabmyo_flow_static :: already done
[SKIP] d :: myobit :: already done
[SKIP] d :: ninapro_db4 :: already done
[SKIP] d :: senic :: already done
[SKIP] cal :: emaha_db1 :: already done
[SKIP] cal :: fors_emg :: already done
[SKIP] cal :: grabmyo :: already done
[SKIP] cal :: ninapro_db1 :: already done
[SKIP] cal :: ninapro_db2 :: already done
[SKIP] cal :: ninapro_db5 :: already done
[SKIP] cal :: emaha_db4 :: already done
[SKIP] cal :: emaha_db5 :: already done
[SKIP] cal :: emaha_db7 :: already done
[SKIP] cal :: grabmyo_flow_dynamic :: already done
[SKIP] cal :: grabmyo_flow_static :: already done
[SKIP] cal :: myobit :: already done
[SKIP] cal :: ninapro_db4 :: already done
[SKIP] cal :: senic :: already done
[SKIP] robust :: emaha_db1 :: already done
[SKIP] robust :: fors_emg :: already done
[SKIP] robust :: grabmyo :: already done
[SKIP] robust :: ninapro_db1 :: already done
[SKIP] robust :: ninapro_db2 :: already done
[SKIP] robust :: ninapro_db5 :: already done
[SKIP] robust :: emaha_db4 :: already done
[SKIP] robust :: emaha_db5 :: already done
[SKIP] robust :: emaha_db7 :: already done
[SKIP] robust :: grabmyo_flow_dynamic :: already done
[SKIP] robust :: grabmyo_flow_static :: already done
[SKIP] robust :: myobit :: already done
[SKIP] robust :: ninapro_db4 :: already done
[SKIP] robust :: senic :: already done
[SKIP] action :: emaha_db1 :: already done
[SKIP] action :: fors_emg :: already done
[SKIP] action :: grabmyo :: already done
[SKIP] action :: ninapro_db1 :: already done
[SKIP] action :: ninapro_db2 :: already done
[SKIP] action :: ninapro_db5 :: already done
[SKIP] action :: emaha_db4 :: already done
[SKIP] action :: emaha_db5 :: already done
[SKIP] action :: emaha_db7 :: already done
[SKIP] action :: grabmyo_flow_dynamic :: already done
[SKIP] action :: grabmyo_flow_static :: already done
[SKIP] action :: myobit :: already done
[SKIP] action :: ninapro_db4 :: already done
[SKIP] action :: senic :: already done
[SKIP] faabos :: emaha_db1 :: already done
[SKIP] faabos :: fors_emg :: already done
[SKIP] faabos :: grabmyo :: already done
[SKIP] faabos :: ninapro_db1 :: already done
[SKIP] faabos :: ninapro_db2 :: already done
[SKIP] faabos :: ninapro_db5 :: already done
[SKIP] faabos :: emaha_db4 :: already done
[SKIP] faabos :: emaha_db5 :: already done
[SKIP] faabos :: emaha_db7 :: already done
[SKIP] faabos :: grabmyo_flow_dynamic :: already done
[SKIP] faabos :: grabmyo_flow_static :: already done
[SKIP] faabos :: myobit :: already done
[SKIP] faabos :: ninapro_db4 :: already done
[SKIP] faabos :: senic :: already done
[SKIP] senic :: emaha_db1 :: already done
[SKIP] senic :: fors_emg :: already done
[SKIP] senic :: grabmyo :: already done
[SKIP] senic :: ninapro_db1 :: already done
[SKIP] senic :: ninapro_db2 :: already done
[SKIP] senic :: ninapro_db5 :: already done
[SKIP] senic :: emaha_db4 :: already done
[SKIP] senic :: emaha_db5 :: already done
[SKIP] senic :: emaha_db7 :: already done
[SKIP] senic :: grabmyo_flow_dynamic :: already done
[SKIP] senic :: grabmyo_flow_static :: already done
[SKIP] senic :: myobit :: already done
[SKIP] senic :: ninapro_db4 :: already done
[SKIP] senic :: senic :: already done
[SKIP] sdi (aggregate) :: already done
[SKIP] meta (aggregate) :: already done
[SKIP] transfer (aggregate) :: already done

cross-dataset matrix -> /home/honors/Ashraf_Ali_2025_Batch/sEMG-Research-Latest/experiments-data/PROFILE/results/cross_dataset_matrix.xlsx

NEXT: python validate_results.py    (gates the write-up)
