[run] datasets=['emaha_db1', 'fors_emg', 'grabmyo', 'ninapro_db1', 'ninapro_db2', 'ninapro_db5', 'emaha_db4', 'emaha_db5', 'emaha_db7', 'grabmyo_flow_dynamic', 'grabmyo_flow_static', 'myobit', 'ninapro_db4', 'senic']  modules=['1', '2', '3', '4', '5']  force=False  smoke=False
[SKIP] module 1 :: emaha_db1 :: already done (emaha_db1__card.json) -- use --force to recompute
[SKIP] module 2 :: emaha_db1 :: already done (emaha_db1__separability.json) -- use --force to recompute
[SKIP] module 3 :: emaha_db1 :: already done (emaha_db1__shift.json) -- use --force to recompute
[SKIP] module 4 :: emaha_db1 :: already done (emaha_db1__channels.json) -- use --force to recompute
[SKIP] module 5 :: emaha_db1 :: already done (emaha_db1__difficulty.json) -- use --force to recompute
[SKIP] module 1 :: fors_emg :: already done (fors_emg__card.json) -- use --force to recompute
[SKIP] module 2 :: fors_emg :: already done (fors_emg__separability.json) -- use --force to recompute
[SKIP] module 3 :: fors_emg :: already done (fors_emg__shift.json) -- use --force to recompute
[SKIP] module 4 :: fors_emg :: already done (fors_emg__channels.json) -- use --force to recompute
[SKIP] module 5 :: fors_emg :: already done (fors_emg__difficulty.json) -- use --force to recompute
[SKIP] module 1 :: grabmyo :: already done (grabmyo__card.json) -- use --force to recompute
[SKIP] module 2 :: grabmyo :: already done (grabmyo__separability.json) -- use --force to recompute
[SKIP] module 3 :: grabmyo :: already done (grabmyo__shift.json) -- use --force to recompute
[SKIP] module 4 :: grabmyo :: already done (grabmyo__channels.json) -- use --force to recompute
[SKIP] module 5 :: grabmyo :: already done (grabmyo__difficulty.json) -- use --force to recompute
[SKIP] module 1 :: ninapro_db1 :: already done (ninapro_db1__card.json) -- use --force to recompute
[SKIP] module 2 :: ninapro_db1 :: already done (ninapro_db1__separability.json) -- use --force to recompute
[SKIP] module 3 :: ninapro_db1 :: already done (ninapro_db1__shift.json) -- use --force to recompute
[SKIP] module 4 :: ninapro_db1 :: already done (ninapro_db1__channels.json) -- use --force to recompute
[SKIP] module 5 :: ninapro_db1 :: already done (ninapro_db1__difficulty.json) -- use --force to recompute
[SKIP] module 1 :: ninapro_db2 :: already done (ninapro_db2__card.json) -- use --force to recompute
[SKIP] module 2 :: ninapro_db2 :: already done (ninapro_db2__separability.json) -- use --force to recompute
[SKIP] module 3 :: ninapro_db2 :: already done (ninapro_db2__shift.json) -- use --force to recompute
[SKIP] module 4 :: ninapro_db2 :: already done (ninapro_db2__channels.json) -- use --force to recompute
[SKIP] module 5 :: ninapro_db2 :: already done (ninapro_db2__difficulty.json) -- use --force to recompute
[SKIP] module 1 :: ninapro_db5 :: already done (ninapro_db5__card.json) -- use --force to recompute
[SKIP] module 2 :: ninapro_db5 :: already done (ninapro_db5__separability.json) -- use --force to recompute
[SKIP] module 3 :: ninapro_db5 :: already done (ninapro_db5__shift.json) -- use --force to recompute
[SKIP] module 4 :: ninapro_db5 :: already done (ninapro_db5__channels.json) -- use --force to recompute
[SKIP] module 5 :: ninapro_db5 :: already done (ninapro_db5__difficulty.json) -- use --force to recompute
[SKIP] module 1 :: emaha_db4 :: already done (emaha_db4__card.json) -- use --force to recompute
[SKIP] module 2 :: emaha_db4 :: already done (emaha_db4__separability.json) -- use --force to recompute
[SKIP] module 3 :: emaha_db4 :: already done (emaha_db4__shift.json) -- use --force to recompute
[SKIP] module 4 :: emaha_db4 :: already done (emaha_db4__channels.json) -- use --force to recompute
[SKIP] module 5 :: emaha_db4 :: already done (emaha_db4__difficulty.json) -- use --force to recompute
[SKIP] module 1 :: emaha_db5 :: already done (emaha_db5__card.json) -- use --force to recompute
[SKIP] module 2 :: emaha_db5 :: already done (emaha_db5__separability.json) -- use --force to recompute
[SKIP] module 3 :: emaha_db5 :: already done (emaha_db5__shift.json) -- use --force to recompute
[SKIP] module 4 :: emaha_db5 :: already done (emaha_db5__channels.json) -- use --force to recompute
[SKIP] module 5 :: emaha_db5 :: already done (emaha_db5__difficulty.json) -- use --force to recompute
[SKIP] module 1 :: emaha_db7 :: already done (emaha_db7__card.json) -- use --force to recompute
[SKIP] module 2 :: emaha_db7 :: already done (emaha_db7__separability.json) -- use --force to recompute
[SKIP] module 3 :: emaha_db7 :: already done (emaha_db7__shift.json) -- use --force to recompute
[SKIP] module 4 :: emaha_db7 :: already done (emaha_db7__channels.json) -- use --force to recompute
[SKIP] module 5 :: emaha_db7 :: already done (emaha_db7__difficulty.json) -- use --force to recompute
[SKIP] module 1 :: grabmyo_flow_dynamic :: already done (grabmyo_flow_dynamic__card.json) -- use --force to recompute
[SKIP] module 2 :: grabmyo_flow_dynamic :: already done (grabmyo_flow_dynamic__separability.json) -- use --force to recompute
[SKIP] module 3 :: grabmyo_flow_dynamic :: already done (grabmyo_flow_dynamic__shift.json) -- use --force to recompute
[SKIP] module 4 :: grabmyo_flow_dynamic :: already done (grabmyo_flow_dynamic__channels.json) -- use --force to recompute
[SKIP] module 5 :: grabmyo_flow_dynamic :: already done (grabmyo_flow_dynamic__difficulty.json) -- use --force to recompute
[SKIP] module 1 :: grabmyo_flow_static :: already done (grabmyo_flow_static__card.json) -- use --force to recompute
[SKIP] module 2 :: grabmyo_flow_static :: already done (grabmyo_flow_static__separability.json) -- use --force to recompute
[SKIP] module 3 :: grabmyo_flow_static :: already done (grabmyo_flow_static__shift.json) -- use --force to recompute
[SKIP] module 4 :: grabmyo_flow_static :: already done (grabmyo_flow_static__channels.json) -- use --force to recompute
[SKIP] module 5 :: grabmyo_flow_static :: already done (grabmyo_flow_static__difficulty.json) -- use --force to recompute
[SKIP] module 1 :: myobit :: already done (myobit__card.json) -- use --force to recompute
[SKIP] module 2 :: myobit :: already done (myobit__separability.json) -- use --force to recompute
[SKIP] module 3 :: myobit :: already done (myobit__shift.json) -- use --force to recompute
[SKIP] module 4 :: myobit :: already done (myobit__channels.json) -- use --force to recompute
[SKIP] module 5 :: myobit :: already done (myobit__difficulty.json) -- use --force to recompute
[SKIP] module 1 :: ninapro_db4 :: already done (ninapro_db4__card.json) -- use --force to recompute
[SKIP] module 2 :: ninapro_db4 :: already done (ninapro_db4__separability.json) -- use --force to recompute
[SKIP] module 3 :: ninapro_db4 :: already done (ninapro_db4__shift.json) -- use --force to recompute
[SKIP] module 4 :: ninapro_db4 :: already done (ninapro_db4__channels.json) -- use --force to recompute
[SKIP] module 5 :: ninapro_db4 :: already done (ninapro_db4__difficulty.json) -- use --force to recompute
[SKIP] module 1 :: senic :: already done (senic__card.json) -- use --force to recompute
[SKIP] module 2 :: senic :: already done (senic__separability.json) -- use --force to recompute
[SKIP] module 3 :: senic :: already done (senic__shift.json) -- use --force to recompute
[SKIP] module 4 :: senic :: already done (senic__channels.json) -- use --force to recompute
[SKIP] module 5 :: senic :: already done (senic__difficulty.json) -- use --force to recompute

cross-dataset matrix -> /home/honors/Ashraf_Ali_2025_Batch/sEMG-Research-Latest/experiments-data/PROFILE/results/cross_dataset_matrix.xlsx
             dataset       cohort  n_subjects  n_classes  n_channels  fisher_ratio  silhouette  knn_trial_cv_acc  knn_loso_acc  within_minus_cross  pca95_dim  twonn_dim  inter_subject_mmd  mean_share_of_excess  shift_detectable  kl_removed_by_subject_center  A4_applicable  A4_intersubj_over_interday    A4_p_value  mean_channel_nmi  min_channels_90pct  min_channels_95pct_loso  fs_sufficiency_testable  native_fs  loso_acc_mean difficulty_primary_predictor  difficulty_primary_r  difficulty_primary_p  difficulty_cv_r2  difficulty_insample_r2 difficulty_best_predictor_posthoc  classifiers_agree  sdi_guided_advantage  sdi_oracle_ceiling  sdi_guided_significant  mmd_vs_calibration_gain_r
           emaha_db1        emaha          25         21           5      0.102612   -0.097812          0.419250      0.158650            0.260600         17   6.467049           0.361226              0.186481              True                      0.183323          False                         NaN           NaN          0.038093                   4                        4                     True       2000       0.253283                  mmd_to_pool             -0.426439          3.352500e-02          0.330789                0.636568                       mmd_to_pool               True              0.000921            0.005488                   False                   0.175099
            fors_emg         fors          19         12           8      0.174677   -0.020658          0.695660      0.397302            0.298358         17   6.333141           0.433453              0.321463              True                     -0.064294          False                         NaN           NaN          0.067267                   7                        7                    False        985       0.502478                  mmd_to_pool             -0.615527          5.024389e-03         -0.682180                0.400883                       mmd_to_pool               True              0.001226            0.011317                   False                   0.109375
             grabmyo      grabmyo          43         16          28      0.284846   -0.049332          0.534750      0.383303            0.151447         29   7.302156           0.393041              0.281838              True                     -0.182079           True                    2.401184  3.701107e-53          0.163698                  22                       12                     True       2048       0.698815                  mmd_to_pool              0.034474          8.262896e-01         -0.074118                0.109340                   kl_mean_to_pool               True              0.001681            0.009771                   False                   0.205985
         ninapro_db1  ninapro_db1          27         52          10      0.106775   -0.102436          0.120500      0.063308            0.057192         39  10.421686           0.490347              0.362558              True                   -107.663947          False                         NaN           NaN          0.044793                   9                        7                    False        100       0.120885                  mmd_to_pool             -0.773058          2.280988e-06         -0.701869                0.642470                       mmd_to_pool               True              0.000155            0.001848                   False                   0.136523
         ninapro_db2  ninapro_db2          40         49          12      0.090155   -0.107827          0.177750      0.070588            0.107162         36   6.667887           0.449723              0.341893              True                -597703.554568          False                         NaN           NaN          0.013662                   9                       10                     True       2000       0.139977                  mmd_to_pool             -0.725389          1.190752e-07         -1.839800                0.626936                       mmd_to_pool               True              0.005663            0.009289                    True                   0.724267
         ninapro_db5 ninapro_db45          10         52          16      0.168886   -0.075876          0.217623      0.091445            0.126179         43  13.704773           0.535367              0.311993              True                     -0.175388          False                         NaN           NaN          0.077782                  14                       13                    False        200       0.172883                  mmd_to_pool             -0.681536          2.998152e-02         -0.040013                0.750114                       mmd_to_pool               True              0.002152            0.008803                   False                   0.326793
           emaha_db4        emaha          10          8           5      0.063104   -0.057143          0.356139      0.271500            0.084639         13   6.710318           0.610945              0.127092              True                      0.123373          False                         NaN           NaN          0.056658                   4                        5                     True       4000       0.324688                  mmd_to_pool             -0.086570          8.120415e-01         -1.698645                0.296388                    kl_cov_to_pool               True              0.000504            0.007154                   False                   0.073039
           emaha_db5        emaha          10         10           5      0.037720   -0.107148          0.232815      0.142250            0.090565         15   6.251038           0.491859              0.159389              True                      0.153896          False                         NaN           NaN          0.041200                   5                        2                     True       2000       0.191500                  mmd_to_pool             -0.649273          4.220542e-02       -278.064532                0.435626                       mmd_to_pool               True              0.005967            0.010035                   False                   0.811561
           emaha_db7        emaha          10         10           4      0.031182   -0.103901          0.328807      0.185500            0.143307         13   6.215830           0.513315              0.030948              True                      0.028381          False                         NaN           NaN          0.022646                   4                        4                     True       4000       0.229350                  mmd_to_pool             -0.269767          4.509879e-01       -198.053237                0.212586                       mmd_to_pool               True             -0.000260            0.003919                   False                  -0.009623
grabmyo_flow_dynamic grabmyo_flow          20         30          12      0.072665   -0.108012          0.058611      0.074000           -0.015389         18   6.750436           0.365989              0.331012              True                      0.114715           True                    3.637182  2.898482e-30          0.246805                  11                        4                     True       2048       0.117508                  mmd_to_pool             -0.462916          3.984215e-02         -0.496311                0.280692                       mmd_to_pool               True              0.000319            0.003175                   False                  -0.000101
 grabmyo_flow_static grabmyo_flow          20         16          12      0.199799   -0.072312          0.550000      0.235250            0.314750         19   6.743477           0.447364              0.384045              True                      0.176518           True                    3.281153  2.274081e-29          0.240521                  11                        6                     True       2048       0.380687                  mmd_to_pool             -0.270557          2.486074e-01         -0.939396                0.117173                       mmd_to_pool               True             -0.000521            0.013585                   False                  -0.009252
              myobit       myobit          31          7          16      0.021502   -0.038251          0.338528      0.309192            0.029336         61  12.424296           0.308944              0.033090              True                      0.898796          False                         NaN           NaN          0.028600                  13                       10                    False        176       0.353963                  mmd_to_pool             -0.310791          8.880506e-02         -0.780852                0.282148                      hdiv_to_pool               True              0.001635            0.007036                   False                   0.312386
         ninapro_db4 ninapro_db45          10         52          12      0.182658   -0.116457          0.309105      0.108275            0.200831         32   6.661814           0.581851              0.040963              True                     -0.065523          False                         NaN           NaN          0.100049                  11                        7                     True       2000       0.179581                  mmd_to_pool             -0.317342          3.716000e-01         -1.206481                0.301348                       mmd_to_pool               True             -0.001306            0.005410                   False                  -0.132789
               senic        senic          36          7           8      0.024363   -0.051830          0.360338      0.308655            0.051683         20  13.571439           0.363693              0.253730              True                      0.063942           True                    3.597758 3.887018e-108          0.065128                   8                        7                    False        200       0.285754                  mmd_to_pool              0.514104          1.339378e-03         -0.400464                0.515670                      hdiv_to_pool               True              0.003715            0.006520                    True                   0.510531
